Using launch settings from src\EnterpriseBase.Web.Host\Properties\launchSettings.json...
info: Microsoft.AspNetCore.DataProtection.KeyManagement.XmlKeyManager[63]
      User profile is available. Using 'C:\Users\MANSOOR CP\AppData\Local\ASP.NET\DataProtection-Keys' as key repository and Windows DPAPI to encrypt keys at rest.
fail: Microsoft.EntityFrameworkCore.Database.Connection[20004]
      An error occurred using the connection to database 'PrizzooDB' on server 'tcp://localhost:5432'.
crit: Microsoft.AspNetCore.Hosting.Diagnostics[6]
      Application startup exception
      Npgsql.PostgresException (0x80004005): 3D000: database "PrizzooDB" does not exist
         at Npgsql.Internal.NpgsqlConnector.ReadMessageLong(Boolean async, DataRowLoadingMode dataRowLoadingMode, Boolean readingNotifications, Boolean isReadingPrependedMessage)
         at System.Runtime.CompilerServices.PoolingAsyncValueTaskMethodBuilder`1.StateMachineBox`1.System.Threading.Tasks.Sources.IValueTaskSource<TResult>.GetResult(Int16 token)
         at Npgsql.Internal.NpgsqlConnector.<Open>g__OpenCore|214_1(NpgsqlConnector conn, SslMode sslMode, NpgsqlTimeout timeout, Boolean async, CancellationToken cancellationToken)
         at Npgsql.Internal.NpgsqlConnector.Open(NpgsqlTimeout timeout, Boolean async, CancellationToken cancellationToken)
         at Npgsql.PoolingDataSource.OpenNewConnector(NpgsqlConnection conn, NpgsqlTimeout timeout, Boolean async, CancellationToken cancellationToken)
         at Npgsql.PoolingDataSource.<Get>g__RentAsync|33_0(NpgsqlConnection conn, NpgsqlTimeout timeout, Boolean async, CancellationToken cancellationToken)
         at Npgsql.NpgsqlConnection.<Open>g__OpenAsync|42_0(Boolean async, CancellationToken cancellationToken)
         at Npgsql.NpgsqlConnection.Open()
         at Microsoft.EntityFrameworkCore.Storage.RelationalConnection.OpenDbConnection(Boolean errorsExpected)
         at Microsoft.EntityFrameworkCore.Storage.RelationalConnection.OpenInternal(Boolean errorsExpected)
         at Microsoft.EntityFrameworkCore.Storage.RelationalConnection.Open(Boolean errorsExpected)
         at Microsoft.EntityFrameworkCore.Storage.RelationalConnection.BeginTransaction(IsolationLevel isolationLevel)
         at Microsoft.EntityFrameworkCore.RelationalDatabaseFacadeExtensions.<>c__DisplayClass28_0.<BeginTransaction>b__0(DatabaseFacade database)
         at Microsoft.EntityFrameworkCore.ExecutionStrategyExtensions.<>c__DisplayClass12_0`2.<Execute>b__0(DbContext _, TState s)
         at Npgsql.EntityFrameworkCore.PostgreSQL.Storage.Internal.NpgsqlExecutionStrategy.Execute[TState,TResult](TState state, Func`3 operation, Func`3 verifySucceeded)
         at Microsoft.EntityFrameworkCore.ExecutionStrategyExtensions.Execute[TState,TResult](IExecutionStrategy strategy, TState state, Func`2 operation, Func`2 verifySucceeded)
         at Microsoft.EntityFrameworkCore.RelationalDatabaseFacadeExtensions.BeginTransaction(DatabaseFacade databaseFacade, IsolationLevel isolationLevel)
         at Abp.EntityFrameworkCore.Uow.DbContextEfCoreTransactionStrategy.CreateDbContext[TDbContext](String connectionString, IDbContextResolver dbContextResolver)
         at Abp.EntityFrameworkCore.Uow.EfCoreUnitOfWork.GetOrCreateDbContext[TDbContext](Nullable`1 multiTenancySide, String name)
         at Abp.EntityFrameworkCore.Uow.UnitOfWorkExtensions.GetDbContext[TDbContext](IActiveUnitOfWork unitOfWork, Nullable`1 multiTenancySide, String name)
         at EnterpriseBase.EntityFrameworkCore.Seed.SeedHelper.WithDbContext[TDbContext](IIocResolver iocResolver, Action`1 contextAction) in D:\prizzoo\PrizzooServer\src\EnterpriseBase.EntityFrameworkCore\EntityFrameworkCore\Seed\SeedHelper.cs:line 49
         at EnterpriseBase.EntityFrameworkCore.Seed.SeedHelper.SeedHostDb(IIocResolver iocResolver) in D:\prizzoo\PrizzooServer\src\EnterpriseBase.EntityFrameworkCore\EntityFrameworkCore\Seed\SeedHelper.cs:line 18
         at EnterpriseBase.EntityFrameworkCore.EnterpriseBaseEntityFrameworkModule.PostInitialize() in D:\prizzoo\PrizzooServer\src\EnterpriseBase.EntityFrameworkCore\EntityFrameworkCore\EnterpriseBaseEntityFrameworkModule.cs:line 48
         at Abp.Modules.AbpModuleManager.<>c.<StartModules>b__15_2(AbpModuleInfo module)
         at System.Collections.Generic.List`1.ForEach(Action`1 action)
         at Abp.Modules.AbpModuleManager.StartModules()
         at Abp.AbpBootstrapper.Initialize()
         at Abp.AspNetCore.AbpApplicationBuilderExtensions.InitializeAbp(IApplicationBuilder app)
         at Abp.AspNetCore.AbpApplicationBuilderExtensions.UseAbp(IApplicationBuilder app, Action`1 optionsAction)
         at EnterpriseBase.Web.Host.Startup.Startup.Configure(IApplicationBuilder app, IWebHostEnvironment env, ILoggerFactory loggerFactory) in D:\prizzoo\PrizzooServer\src\EnterpriseBase.Web.Host\Startup\Startup.cs:line 87
         at System.RuntimeMethodHandle.InvokeMethod(Object target, Void** arguments, Signature sig, Boolean isConstructor)
         at System.Reflection.MethodBaseInvoker.InvokeDirectByRefWithFewArgs(Object obj, Span`1 copyOfArgs, BindingFlags invokeAttr)
         at System.Reflection.MethodBaseInvoker.InvokeWithFewArgs(Object obj, BindingFlags invokeAttr, Binder binder, Object[] parameters, CultureInfo culture)
         at System.Reflection.RuntimeMethodInfo.Invoke(Object obj, BindingFlags invokeAttr, Binder binder, Object[] parameters, CultureInfo culture)
         at Microsoft.AspNetCore.Hosting.ConfigureBuilder.Invoke(Object instance, IApplicationBuilder builder)
         at Microsoft.AspNetCore.Hosting.GenericWebHostService.StartAsync(CancellationToken cancellationToken)
        Exception data:
          Severity: FATAL
          SqlState: 3D000
          MessageText: database "PrizzooDB" does not exist
          File: postinit.c
          Line: 1016
          Routine: InitPostgres
fail: Microsoft.Extensions.Hosting.Internal.Host[11]
      Hosting failed to start
      Npgsql.PostgresException (0x80004005): 3D000: database "PrizzooDB" does not exist
         at Npgsql.Internal.NpgsqlConnector.ReadMessageLong(Boolean async, DataRowLoadingMode dataRowLoadingMode, Boolean readingNotifications, Boolean isReadingPrependedMessage)
         at System.Runtime.CompilerServices.PoolingAsyncValueTaskMethodBuilder`1.StateMachineBox`1.System.Threading.Tasks.Sources.IValueTaskSource<TResult>.GetResult(Int16 token)
         at Npgsql.Internal.NpgsqlConnector.<Open>g__OpenCore|214_1(NpgsqlConnector conn, SslMode sslMode, NpgsqlTimeout timeout, Boolean async, CancellationToken cancellationToken)
         at Npgsql.Internal.NpgsqlConnector.Open(NpgsqlTimeout timeout, Boolean async, CancellationToken cancellationToken)
         at Npgsql.PoolingDataSource.OpenNewConnector(NpgsqlConnection conn, NpgsqlTimeout timeout, Boolean async, CancellationToken cancellationToken)
         at Npgsql.PoolingDataSource.<Get>g__RentAsync|33_0(NpgsqlConnection conn, NpgsqlTimeout timeout, Boolean async, CancellationToken cancellationToken)
         at Npgsql.NpgsqlConnection.<Open>g__OpenAsync|42_0(Boolean async, CancellationToken cancellationToken)
         at Npgsql.NpgsqlConnection.Open()
         at Microsoft.EntityFrameworkCore.Storage.RelationalConnection.OpenDbConnection(Boolean errorsExpected)
         at Microsoft.EntityFrameworkCore.Storage.RelationalConnection.OpenInternal(Boolean errorsExpected)
         at Microsoft.EntityFrameworkCore.Storage.RelationalConnection.Open(Boolean errorsExpected)
         at Microsoft.EntityFrameworkCore.Storage.RelationalConnection.BeginTransaction(IsolationLevel isolationLevel)
         at Microsoft.EntityFrameworkCore.RelationalDatabaseFacadeExtensions.<>c__DisplayClass28_0.<BeginTransaction>b__0(DatabaseFacade database)
         at Microsoft.EntityFrameworkCore.ExecutionStrategyExtensions.<>c__DisplayClass12_0`2.<Execute>b__0(DbContext _, TState s)
         at Npgsql.EntityFrameworkCore.PostgreSQL.Storage.Internal.NpgsqlExecutionStrategy.Execute[TState,TResult](TState state, Func`3 operation, Func`3 verifySucceeded)
         at Microsoft.EntityFrameworkCore.ExecutionStrategyExtensions.Execute[TState,TResult](IExecutionStrategy strategy, TState state, Func`2 operation, Func`2 verifySucceeded)
         at Microsoft.EntityFrameworkCore.RelationalDatabaseFacadeExtensions.BeginTransaction(DatabaseFacade databaseFacade, IsolationLevel isolationLevel)
         at Abp.EntityFrameworkCore.Uow.DbContextEfCoreTransactionStrategy.CreateDbContext[TDbContext](String connectionString, IDbContextResolver dbContextResolver)
         at Abp.EntityFrameworkCore.Uow.EfCoreUnitOfWork.GetOrCreateDbContext[TDbContext](Nullable`1 multiTenancySide, String name)
         at Abp.EntityFrameworkCore.Uow.UnitOfWorkExtensions.GetDbContext[TDbContext](IActiveUnitOfWork unitOfWork, Nullable`1 multiTenancySide, String name)
         at EnterpriseBase.EntityFrameworkCore.Seed.SeedHelper.WithDbContext[TDbContext](IIocResolver iocResolver, Action`1 contextAction) in D:\prizzoo\PrizzooServer\src\EnterpriseBase.EntityFrameworkCore\EntityFrameworkCore\Seed\SeedHelper.cs:line 49
         at EnterpriseBase.EntityFrameworkCore.Seed.SeedHelper.SeedHostDb(IIocResolver iocResolver) in D:\prizzoo\PrizzooServer\src\EnterpriseBase.EntityFrameworkCore\EntityFrameworkCore\Seed\SeedHelper.cs:line 18
         at EnterpriseBase.EntityFrameworkCore.EnterpriseBaseEntityFrameworkModule.PostInitialize() in D:\prizzoo\PrizzooServer\src\EnterpriseBase.EntityFrameworkCore\EntityFrameworkCore\EnterpriseBaseEntityFrameworkModule.cs:line 48
         at Abp.Modules.AbpModuleManager.<>c.<StartModules>b__15_2(AbpModuleInfo module)
         at System.Collections.Generic.List`1.ForEach(Action`1 action)
         at Abp.Modules.AbpModuleManager.StartModules()
         at Abp.AbpBootstrapper.Initialize()
         at Abp.AspNetCore.AbpApplicationBuilderExtensions.InitializeAbp(IApplicationBuilder app)
         at Abp.AspNetCore.AbpApplicationBuilderExtensions.UseAbp(IApplicationBuilder app, Action`1 optionsAction)
         at EnterpriseBase.Web.Host.Startup.Startup.Configure(IApplicationBuilder app, IWebHostEnvironment env, ILoggerFactory loggerFactory) in D:\prizzoo\PrizzooServer\src\EnterpriseBase.Web.Host\Startup\Startup.cs:line 87
         at System.RuntimeMethodHandle.InvokeMethod(Object target, Void** arguments, Signature sig, Boolean isConstructor)
         at System.Reflection.MethodBaseInvoker.InvokeDirectByRefWithFewArgs(Object obj, Span`1 copyOfArgs, BindingFlags invokeAttr)
         at System.Reflection.MethodBaseInvoker.InvokeWithFewArgs(Object obj, BindingFlags invokeAttr, Binder binder, Object[] parameters, CultureInfo culture)
         at System.Reflection.RuntimeMethodInfo.Invoke(Object obj, BindingFlags invokeAttr, Binder binder, Object[] parameters, CultureInfo culture)
         at Microsoft.AspNetCore.Hosting.ConfigureBuilder.Invoke(Object instance, IApplicationBuilder builder)
         at Microsoft.AspNetCore.Hosting.GenericWebHostService.StartAsync(CancellationToken cancellationToken)
         at Microsoft.Extensions.Hosting.Internal.Host.<StartAsync>b__14_1(IHostedService service, CancellationToken token)
         at Microsoft.Extensions.Hosting.Internal.Host.ForeachService[T](IEnumerable`1 services, CancellationToken token, Boolean concurrent, Boolean abortOnFirstException, List`1 exceptions, Func`3 operation)
        Exception data:
          Severity: FATAL
          SqlState: 3D000
          MessageText: database "PrizzooDB" does not exist
          File: postinit.c
          Line: 1016
          Routine: InitPostgres
Unhandled exception. Npgsql.PostgresException (0x80004005): 3D000: database "PrizzooDB" does not exist
   at Npgsql.Internal.NpgsqlConnector.ReadMessageLong(Boolean async, DataRowLoadingMode dataRowLoadingMode, Boolean readingNotifications, Boolean isReadingPrependedMessage)
   at System.Runtime.CompilerServices.PoolingAsyncValueTaskMethodBuilder`1.StateMachineBox`1.System.Threading.Tasks.Sources.IValueTaskSource<TResult>.GetResult(Int16 token)
   at Npgsql.Internal.NpgsqlConnector.<Open>g__OpenCore|214_1(NpgsqlConnector conn, SslMode sslMode, NpgsqlTimeout timeout, Boolean async, CancellationToken cancellationToken)
   at Npgsql.Internal.NpgsqlConnector.Open(NpgsqlTimeout timeout, Boolean async, CancellationToken cancellationToken)
   at Npgsql.PoolingDataSource.OpenNewConnector(NpgsqlConnection conn, NpgsqlTimeout timeout, Boolean async, CancellationToken cancellationToken)
   at Npgsql.PoolingDataSource.<Get>g__RentAsync|33_0(NpgsqlConnection conn, NpgsqlTimeout timeout, Boolean async, CancellationToken cancellationToken)
   at Npgsql.NpgsqlConnection.<Open>g__OpenAsync|42_0(Boolean async, CancellationToken cancellationToken)
   at Npgsql.NpgsqlConnection.Open()
   at Microsoft.EntityFrameworkCore.Storage.RelationalConnection.OpenDbConnection(Boolean errorsExpected)
   at Microsoft.EntityFrameworkCore.Storage.RelationalConnection.OpenInternal(Boolean errorsExpected)
   at Microsoft.EntityFrameworkCore.Storage.RelationalConnection.Open(Boolean errorsExpected)
   at Microsoft.EntityFrameworkCore.Storage.RelationalConnection.BeginTransaction(IsolationLevel isolationLevel)
   at Microsoft.EntityFrameworkCore.RelationalDatabaseFacadeExtensions.<>c__DisplayClass28_0.<BeginTransaction>b__0(DatabaseFacade database)
   at Microsoft.EntityFrameworkCore.ExecutionStrategyExtensions.<>c__DisplayClass12_0`2.<Execute>b__0(DbContext _, TState s)
   at Npgsql.EntityFrameworkCore.PostgreSQL.Storage.Internal.NpgsqlExecutionStrategy.Execute[TState,TResult](TState state, Func`3 operation, Func`3 verifySucceeded)
   at Microsoft.EntityFrameworkCore.ExecutionStrategyExtensions.Execute[TState,TResult](IExecutionStrategy strategy, TState state, Func`2 operation, Func`2 verifySucceeded)
   at Microsoft.EntityFrameworkCore.RelationalDatabaseFacadeExtensions.BeginTransaction(DatabaseFacade databaseFacade, IsolationLevel isolationLevel)
   at Abp.EntityFrameworkCore.Uow.DbContextEfCoreTransactionStrategy.CreateDbContext[TDbContext](String connectionString, IDbContextResolver dbContextResolver)
   at Abp.EntityFrameworkCore.Uow.EfCoreUnitOfWork.GetOrCreateDbContext[TDbContext](Nullable`1 multiTenancySide, String name)
   at Abp.EntityFrameworkCore.Uow.UnitOfWorkExtensions.GetDbContext[TDbContext](IActiveUnitOfWork unitOfWork, Nullable`1 multiTenancySide, String name)
   at EnterpriseBase.EntityFrameworkCore.Seed.SeedHelper.WithDbContext[TDbContext](IIocResolver iocResolver, Action`1 contextAction) in D:\prizzoo\PrizzooServer\src\EnterpriseBase.EntityFrameworkCore\EntityFrameworkCore\Seed\SeedHelper.cs:line 49
   at EnterpriseBase.EntityFrameworkCore.Seed.SeedHelper.SeedHostDb(IIocResolver iocResolver) in D:\prizzoo\PrizzooServer\src\EnterpriseBase.EntityFrameworkCore\EntityFrameworkCore\Seed\SeedHelper.cs:line 18
   at EnterpriseBase.EntityFrameworkCore.EnterpriseBaseEntityFrameworkModule.PostInitialize() in D:\prizzoo\PrizzooServer\src\EnterpriseBase.EntityFrameworkCore\EntityFrameworkCore\EnterpriseBaseEntityFrameworkModule.cs:line 48
   at Abp.Modules.AbpModuleManager.<>c.<StartModules>b__15_2(AbpModuleInfo module)
   at System.Collections.Generic.List`1.ForEach(Action`1 action)
   at Abp.Modules.AbpModuleManager.StartModules()
   at Abp.AbpBootstrapper.Initialize()
   at Abp.AspNetCore.AbpApplicationBuilderExtensions.InitializeAbp(IApplicationBuilder app)
   at Abp.AspNetCore.AbpApplicationBuilderExtensions.UseAbp(IApplicationBuilder app, Action`1 optionsAction)
   at EnterpriseBase.Web.Host.Startup.Startup.Configure(IApplicationBuilder app, IWebHostEnvironment env, ILoggerFactory loggerFactory) in D:\prizzoo\PrizzooServer\src\EnterpriseBase.Web.Host\Startup\Startup.cs:line 87
   at System.RuntimeMethodHandle.InvokeMethod(Object target, Void** arguments, Signature sig, Boolean isConstructor)
   at System.Reflection.MethodBaseInvoker.InvokeDirectByRefWithFewArgs(Object obj, Span`1 copyOfArgs, BindingFlags invokeAttr)
   at System.Reflection.MethodBaseInvoker.InvokeWithFewArgs(Object obj, BindingFlags invokeAttr, Binder binder, Object[] parameters, CultureInfo culture)
   at System.Reflection.RuntimeMethodInfo.Invoke(Object obj, BindingFlags invokeAttr, Binder binder, Object[] parameters, CultureInfo culture)
   at Microsoft.AspNetCore.Hosting.ConfigureBuilder.Invoke(Object instance, IApplicationBuilder builder)
   at Microsoft.AspNetCore.Hosting.GenericWebHostService.StartAsync(CancellationToken cancellationToken)
   at Microsoft.Extensions.Hosting.Internal.Host.<StartAsync>b__14_1(IHostedService service, CancellationToken token)
   at Microsoft.Extensions.Hosting.Internal.Host.ForeachService[T](IEnumerable`1 services, CancellationToken token, Boolean concurrent, Boolean abortOnFirstException, List`1 exceptions, Func`3 operation)
   at Microsoft.Extensions.Hosting.Internal.Host.StartAsync(CancellationToken cancellationToken)
   at Microsoft.Extensions.Hosting.HostingAbstractionsHostExtensions.RunAsync(IHost host, CancellationToken token)
   at Microsoft.Extensions.Hosting.HostingAbstractionsHostExtensions.RunAsync(IHost host, CancellationToken token)
   at Microsoft.Extensions.Hosting.HostingAbstractionsHostExtensions.Run(IHost host)
   at EnterpriseBase.Web.Host.Startup.Program.Main(String[] args) in D:\prizzoo\PrizzooServer\src\EnterpriseBase.Web.Host\Startup\Program.cs:line 14
  Exception data:
    Severity: FATAL
    SqlState: 3D000
    MessageText: database "PrizzooDB" does not exist
    File: postinit.c
    Line: 1016
    Routine: InitPostgres
